// Vitest Snapshot v1, https://vitest.dev/guide/snapshot.html

exports[`available item filtering > item filtering > should filter-in date dataset if attribute ref matches 1`] = `
[
  {
    "dataSet": {
      "deprecated": false,
      "description": "DataSet Date",
      "id": "activity.dataset.dt",
      "production": true,
      "ref": {
        "uri": "/gdc/md/referenceworkspace/obj/887",
      },
      "title": "Date (Activity)",
      "type": "dataSet",
      "unlisted": false,
      "uri": "/gdc/md/referenceworkspace/obj/887",
    },
    "dateAttributes": [
      {
        "attribute": {
          "deprecated": false,
          "description": "Year",
          "displayForms": [
            {
              "attribute": {
                "uri": "/gdc/md/referenceworkspace/obj/827",
              },
              "deprecated": false,
              "description": "DisplayForm Year.",
              "id": "activity.aag81lMifn6q",
              "production": true,
              "ref": {
                "uri": "/gdc/md/referenceworkspace/obj/845",
              },
              "title": "Year (Activity)",
              "type": "displayForm",
              "unlisted": false,
              "uri": "/gdc/md/referenceworkspace/obj/845",
            },
          ],
          "drillDownStep": {
            "uri": "/gdc/md/referenceworkspace/obj/877",
          },
          "id": "activity.year",
          "production": true,
          "ref": {
            "uri": "/gdc/md/referenceworkspace/obj/827",
          },
          "title": "Year (Activity)",
          "type": "attribute",
          "unlisted": false,
          "uri": "/gdc/md/referenceworkspace/obj/827",
        },
        "defaultDisplayForm": {
          "deprecated": false,
          "description": "DisplayForm Year.",
          "id": "activity.aag81lMifn6q",
          "production": true,
          "ref": {
            "uri": "/gdc/md/referenceworkspace/obj/845",
          },
          "title": "Year (Activity)",
          "type": "displayForm",
          "unlisted": false,
          "uri": "/gdc/md/referenceworkspace/obj/845",
        },
        "granularity": "GDC.time.year",
      },
      {
        "attribute": {
          "deprecated": false,
          "description": "Week/Year based on US Weeks (Sun-Sat). By default, if a week spans multiple years or quarters (ie, end of the year/quarter), it is marked as first or last week of the period according to particular standards (ie, US or EU). Labels marked as "Continuous" show both weeks (W53/2009 - W1/2010).",
          "displayForms": [
            {
              "attribute": {
                "uri": "/gdc/md/referenceworkspace/obj/829",
              },
              "deprecated": false,
              "description": "DisplayForm Week #/Year (W1/2010).",
              "id": "activity.aaA81lMifn6q",
              "production": true,
              "ref": {
                "uri": "/gdc/md/referenceworkspace/obj/851",
              },
              "title": "Week #/Year (W1/2010) (Activity)",
              "type": "displayForm",
              "unlisted": false,
              "uri": "/gdc/md/referenceworkspace/obj/851",
            },
            {
              "attribute": {
                "uri": "/gdc/md/referenceworkspace/obj/829",
              },
              "deprecated": false,
              "description": "DisplayForm Week Starting.",
              "id": "activity.aaw81lMifn6q",
              "production": true,
              "ref": {
                "uri": "/gdc/md/referenceworkspace/obj/849",
              },
              "title": "Week Starting (Activity)",
              "type": "displayForm",
              "unlisted": false,
              "uri": "/gdc/md/referenceworkspace/obj/849",
            },
            {
              "attribute": {
                "uri": "/gdc/md/referenceworkspace/obj/829",
              },
              "deprecated": false,
              "description": "DisplayForm From - To.",
              "id": "activity.aau81lMifn6q",
              "production": true,
              "ref": {
                "uri": "/gdc/md/referenceworkspace/obj/848",
              },
              "title": "From - To (Activity)",
              "type": "displayForm",
              "unlisted": false,
              "uri": "/gdc/md/referenceworkspace/obj/848",
            },
            {
              "attribute": {
                "uri": "/gdc/md/referenceworkspace/obj/829",
              },
              "deprecated": false,
              "description": "DisplayForm Week #/Year (Cont.).",
              "id": "activity.aay81lMifn6q",
              "production": true,
              "ref": {
                "uri": "/gdc/md/referenceworkspace/obj/850",
              },
              "title": "Week #/Year (Cont.) (Activity)",
              "type": "displayForm",
              "unlisted": false,
              "uri": "/gdc/md/referenceworkspace/obj/850",
            },
            {
              "attribute": {
                "uri": "/gdc/md/referenceworkspace/obj/829",
              },
              "deprecated": false,
              "description": "DisplayForm Wk/Qtr/Year (Cont.).",
              "id": "activity.aaC81lMifn6q",
              "production": true,
              "ref": {
                "uri": "/gdc/md/referenceworkspace/obj/852",
              },
              "title": "Wk/Qtr/Year (Cont.) (Activity)",
              "type": "displayForm",
              "unlisted": false,
              "uri": "/gdc/md/referenceworkspace/obj/852",
            },
            {
              "attribute": {
                "uri": "/gdc/md/referenceworkspace/obj/829",
              },
              "deprecated": false,
              "description": "DisplayForm Wk/Qtr/Year.",
              "id": "activity.aas81lMifn6q",
              "production": true,
              "ref": {
                "uri": "/gdc/md/referenceworkspace/obj/847",
              },
              "title": "Wk/Qtr/Year (Activity)",
              "type": "displayForm",
              "unlisted": false,
              "uri": "/gdc/md/referenceworkspace/obj/847",
            },
          ],
          "drillDownStep": {
            "uri": "/gdc/md/referenceworkspace/obj/883",
          },
          "id": "activity.week",
          "production": true,
          "ref": {
            "uri": "/gdc/md/referenceworkspace/obj/829",
          },
          "title": "Week (Sun-Sat)/Year (Activity)",
          "type": "attribute",
          "unlisted": false,
          "uri": "/gdc/md/referenceworkspace/obj/829",
        },
        "defaultDisplayForm": {
          "deprecated": false,
          "description": "DisplayForm Week #/Year (W1/2010).",
          "id": "activity.aaA81lMifn6q",
          "production": true,
          "ref": {
            "uri": "/gdc/md/referenceworkspace/obj/851",
          },
          "title": "Week #/Year (W1/2010) (Activity)",
          "type": "displayForm",
          "unlisted": false,
          "uri": "/gdc/md/referenceworkspace/obj/851",
        },
        "granularity": "GDC.time.week_us",
      },
      {
        "attribute": {
          "deprecated": false,
          "description": "Quarter and Year (Q1/2010)",
          "displayForms": [
            {
              "attribute": {
                "uri": "/gdc/md/referenceworkspace/obj/842",
              },
              "deprecated": false,
              "description": "DisplayForm US Short.",
              "id": "activity.aci81lMifn6q",
              "production": true,
              "ref": {
                "uri": "/gdc/md/referenceworkspace/obj/877",
              },
              "title": "US Short (Activity)",
              "type": "displayForm",
              "unlisted": false,
              "uri": "/gdc/md/referenceworkspace/obj/877",
            },
          ],
          "drillDownStep": {
            "uri": "/gdc/md/referenceworkspace/obj/878",
          },
          "id": "activity.quarter",
          "production": true,
          "ref": {
            "uri": "/gdc/md/referenceworkspace/obj/842",
          },
          "title": "Quarter/Year (Activity)",
          "type": "attribute",
          "unlisted": false,
          "uri": "/gdc/md/referenceworkspace/obj/842",
        },
        "defaultDisplayForm": {
          "deprecated": false,
          "description": "DisplayForm US Short.",
          "id": "activity.aci81lMifn6q",
          "production": true,
          "ref": {
            "uri": "/gdc/md/referenceworkspace/obj/877",
          },
          "title": "US Short (Activity)",
          "type": "displayForm",
          "unlisted": false,
          "uri": "/gdc/md/referenceworkspace/obj/877",
        },
        "granularity": "GDC.time.quarter",
      },
      {
        "attribute": {
          "deprecated": false,
          "description": "Month and Year",
          "displayForms": [
            {
              "attribute": {
                "uri": "/gdc/md/referenceworkspace/obj/843",
              },
              "deprecated": false,
              "description": "DisplayForm Short (Jan 2010).",
              "id": "activity.act81lMifn6q",
              "production": true,
              "ref": {
                "uri": "/gdc/md/referenceworkspace/obj/878",
              },
              "title": "Short (Jan 2010) (Activity)",
              "type": "displayForm",
              "unlisted": false,
              "uri": "/gdc/md/referenceworkspace/obj/878",
            },
            {
              "attribute": {
                "uri": "/gdc/md/referenceworkspace/obj/843",
              },
              "deprecated": false,
              "description": "DisplayForm Long (January 2010).",
              "id": "activity.acx81lMifn6q",
              "production": true,
              "ref": {
                "uri": "/gdc/md/referenceworkspace/obj/880",
              },
              "title": "Long (January 2010) (Activity)",
              "type": "displayForm",
              "unlisted": false,
              "uri": "/gdc/md/referenceworkspace/obj/880",
            },
            {
              "attribute": {
                "uri": "/gdc/md/referenceworkspace/obj/843",
              },
              "deprecated": false,
              "description": "DisplayForm Number (1/2010).",
              "id": "activity.acv81lMifn6q",
              "production": true,
              "ref": {
                "uri": "/gdc/md/referenceworkspace/obj/879",
              },
              "title": "Number (1/2010) (Activity)",
              "type": "displayForm",
              "unlisted": false,
              "uri": "/gdc/md/referenceworkspace/obj/879",
            },
          ],
          "drillDownStep": {
            "uri": "/gdc/md/referenceworkspace/obj/883",
          },
          "id": "activity.month",
          "production": true,
          "ref": {
            "uri": "/gdc/md/referenceworkspace/obj/843",
          },
          "title": "Month/Year (Activity)",
          "type": "attribute",
          "unlisted": false,
          "uri": "/gdc/md/referenceworkspace/obj/843",
        },
        "defaultDisplayForm": {
          "deprecated": false,
          "description": "DisplayForm Short (Jan 2010).",
          "id": "activity.act81lMifn6q",
          "production": true,
          "ref": {
            "uri": "/gdc/md/referenceworkspace/obj/878",
          },
          "title": "Short (Jan 2010) (Activity)",
          "type": "displayForm",
          "unlisted": false,
          "uri": "/gdc/md/referenceworkspace/obj/878",
        },
        "granularity": "GDC.time.month",
      },
      {
        "attribute": {
          "deprecated": false,
          "description": "Date",
          "displayForms": [
            {
              "attribute": {
                "uri": "/gdc/md/referenceworkspace/obj/844",
              },
              "deprecated": false,
              "description": "DisplayForm mm/dd/yyyy.",
              "displayFormType": "GDC.time.day_us",
              "id": "activity.date.mmddyyyy",
              "production": true,
              "ref": {
                "uri": "/gdc/md/referenceworkspace/obj/883",
              },
              "title": "mm/dd/yyyy (Activity)",
              "type": "displayForm",
              "unlisted": false,
              "uri": "/gdc/md/referenceworkspace/obj/883",
            },
            {
              "attribute": {
                "uri": "/gdc/md/referenceworkspace/obj/844",
              },
              "deprecated": false,
              "description": "DisplayForm yyyy-mm-dd.",
              "displayFormType": "GDC.time.day",
              "id": "activity.date.yyyymmdd",
              "production": true,
              "ref": {
                "uri": "/gdc/md/referenceworkspace/obj/882",
              },
              "title": "yyyy-mm-dd (Activity)",
              "type": "displayForm",
              "unlisted": false,
              "uri": "/gdc/md/referenceworkspace/obj/882",
            },
            {
              "attribute": {
                "uri": "/gdc/md/referenceworkspace/obj/844",
              },
              "deprecated": false,
              "description": "DisplayForm m/d/yy (no leading zeroes).",
              "displayFormType": "GDC.time.day_us_noleading",
              "id": "activity.date.mdyy",
              "production": true,
              "ref": {
                "uri": "/gdc/md/referenceworkspace/obj/886",
              },
              "title": "m/d/yy (no leading zeroes) (Activity)",
              "type": "displayForm",
              "unlisted": false,
              "uri": "/gdc/md/referenceworkspace/obj/886",
            },
            {
              "attribute": {
                "uri": "/gdc/md/referenceworkspace/obj/844",
              },
              "deprecated": false,
              "description": "DisplayForm Long (Mon, Jan 1, 2010).",
              "displayFormType": "GDC.time.day_us_long",
              "id": "activity.date.long",
              "production": true,
              "ref": {
                "uri": "/gdc/md/referenceworkspace/obj/885",
              },
              "title": "Long (Mon, Jan 1, 2010) (Activity)",
              "type": "displayForm",
              "unlisted": false,
              "uri": "/gdc/md/referenceworkspace/obj/885",
            },
            {
              "attribute": {
                "uri": "/gdc/md/referenceworkspace/obj/844",
              },
              "deprecated": false,
              "description": "DisplayForm dd/mm/yyyy.",
              "displayFormType": "GDC.time.day_eu",
              "id": "activity.date.ddmmyyyy",
              "production": true,
              "ref": {
                "uri": "/gdc/md/referenceworkspace/obj/881",
              },
              "title": "dd/mm/yyyy (Activity)",
              "type": "displayForm",
              "unlisted": false,
              "uri": "/gdc/md/referenceworkspace/obj/881",
            },
            {
              "attribute": {
                "uri": "/gdc/md/referenceworkspace/obj/844",
              },
              "deprecated": false,
              "description": "DisplayForm dd-mm-yyyy.",
              "displayFormType": "GDC.time.day_iso",
              "id": "activity.date.eddmmyyyy",
              "production": true,
              "ref": {
                "uri": "/gdc/md/referenceworkspace/obj/884",
              },
              "title": "dd-mm-yyyy (Activity)",
              "type": "displayForm",
              "unlisted": false,
              "uri": "/gdc/md/referenceworkspace/obj/884",
            },
          ],
          "id": "activity.date",
          "production": true,
          "ref": {
            "uri": "/gdc/md/referenceworkspace/obj/844",
          },
          "title": "Date (Activity)",
          "type": "attribute",
          "unlisted": false,
          "uri": "/gdc/md/referenceworkspace/obj/844",
        },
        "defaultDisplayForm": {
          "deprecated": false,
          "description": "DisplayForm mm/dd/yyyy.",
          "id": "activity.date.mmddyyyy",
          "production": true,
          "ref": {
            "uri": "/gdc/md/referenceworkspace/obj/883",
          },
          "title": "mm/dd/yyyy (Activity)",
          "type": "displayForm",
          "unlisted": false,
          "uri": "/gdc/md/referenceworkspace/obj/883",
        },
        "granularity": "GDC.time.date",
      },
    ],
    "relevance": 0,
    "type": "dateDataset",
  },
]
`;

exports[`available item filtering > item filtering > should filter-in simple object if ref matches 1`] = `
[
  {
    "groups": [],
    "measure": {
      "deprecated": false,
      "description": "",
      "expression": "SELECT MAX([/gdc/md/referenceworkspace/obj/1105]) BY ALL IN ALL OTHER DIMENSIONS EXCEPT [/gdc/md/referenceworkspace/obj/679] WHERE [/gdc/md/referenceworkspace/obj/1105] <= [/gdc/md/referenceworkspace/obj/1266]
",
      "format": "#,##0.00",
      "id": "abxgDICQav2J",
      "production": true,
      "ref": {
        "uri": "/gdc/md/referenceworkspace/obj/1267",
      },
      "title": "_Snapshot [EOP]",
      "type": "measure",
      "unlisted": false,
      "uri": "/gdc/md/referenceworkspace/obj/1267",
    },
    "type": "measure",
  },
]
`;
