// Vitest Snapshot v1, https://vitest.dev/guide/snapshot.html

exports[`validateKpiDrillTarget > should throw for invalid tab on an existing dashboard 1`] = `[Error: Dashboard with ref /gdc/md/foo does not contain tab with identifier missing.]`;

exports[`validateKpiDrillTarget > should throw for not found dashboard 1`] = `[Error: Dashboard with ref missing was not found.]`;
