// Vitest Snapshot v1, https://vitest.dev/guide/snapshot.html

exports[`AttributeFilterHandler > loadCustomElements() should trigger onLoadCustomElementsStart() callback > with parameters 1`] = `
[
  {
    "correlation": "start",
  },
]
`;

exports[`AttributeFilterHandler > loadCustomElements() that failed should trigger onLoadCustomElementsError() callback > with parameters 1`] = `
[
  {
    "correlation": "error",
    "error": [Error: Elements error],
  },
]
`;

exports[`AttributeFilterHandler > loadCustomElements() that was canceled by cancelCustomElementsLoad() call should trigger onLoadCustomElementsCancel() callback > with parameters 1`] = `
[
  {
    "correlation": "cancel",
  },
]
`;

exports[`AttributeFilterHandler > loadCustomElements() that was successful should trigger onLoadCustomElementsSuccess() callback > with parameters 1`] = `
[
  {
    "cacheId": undefined,
    "correlation": "success",
    "elements": [
      {
        "title": "CompuSci",
        "uri": "/gdc/md/referenceworkspace/obj/1054/elements?id=165678",
      },
      {
        "title": "Educationly",
        "uri": "/gdc/md/referenceworkspace/obj/1054/elements?id=165847",
      },
      {
        "title": "Explorer",
        "uri": "/gdc/md/referenceworkspace/obj/1054/elements?id=342345",
      },
      {
        "title": "Grammar Plus",
        "uri": "/gdc/md/referenceworkspace/obj/1054/elements?id=168737",
      },
      {
        "title": "PhoenixSoft",
        "uri": "/gdc/md/referenceworkspace/obj/1054/elements?id=166339",
      },
      {
        "title": "TouchAll",
        "uri": "/gdc/md/referenceworkspace/obj/1054/elements?id=460491",
      },
      {
        "title": "WonderKid",
        "uri": "/gdc/md/referenceworkspace/obj/1054/elements?id=166497",
      },
    ],
    "options": {},
    "totalCount": 7,
  },
]
`;
